../Core/Src/main.c:77:6:CAN_TX	56	static
../Core/Src/main.c:110:6:HAL_CAN_RxFifo0MsgPendingCallback	56	static
../Core/Src/main.c:130:5:main	8	static
../Core/Src/main.c:225:6:SystemClock_Config	96	static
../Core/Src/main.c:269:13:MX_CAN_Init	48	static
../Core/Src/main.c:319:13:MX_TIM1_Init	112	static
../Core/Src/main.c:403:13:MX_TIM2_Init	64	static
../Core/Src/main.c:462:13:MX_TIM3_Init	64	static
../Core/Src/main.c:529:13:MX_TIM16_Init	80	static
../Core/Src/main.c:592:13:MX_TIM17_Init	80	static
../Core/Src/main.c:655:13:MX_USART2_UART_Init	8	static
../Core/Src/main.c:690:13:MX_GPIO_Init	40	static
../Core/Src/main.c:728:5:_write	24	static
../Core/Src/main.c:739:6:Error_Handler	4	static,ignoring_inline_asm
