../Core/Src/main.c:75:10:CAN_TX	56	static
../Core/Src/main.c:108:6:HAL_CAN_RxFifo0MsgPendingCallback	56	static
../Core/Src/main.c:121:5:_write	24	static
../Core/Src/main.c:132:5:main	8	static
../Core/Src/main.c:231:6:SystemClock_Config	96	static
../Core/Src/main.c:273:13:MX_CAN_Init	48	static
../Core/Src/main.c:320:13:MX_TIM1_Init	112	static
../Core/Src/main.c:392:13:MX_TIM2_Init	64	static
../Core/Src/main.c:444:13:MX_TIM3_Init	64	static
../Core/Src/main.c:505:13:MX_TIM16_Init	80	static
../Core/Src/main.c:562:13:MX_USART2_UART_Init	8	static
../Core/Src/main.c:594:13:MX_GPIO_Init	40	static
../Core/Src/main.c:638:6:Error_Handler	4	static,ignoring_inline_asm
