18:12:21 **** Incremental Build of configuration Debug for project Robocon_stm1_1 ****
make -j16 all 
arm-none-eabi-gcc "../Core/Src/main.c" -mcpu=cortex-m4 -std=gnu11 -g3 -DDEBUG -DUSE_HAL_DRIVER -DSTM32F303x8 -c -I../Core/Inc -I../Drivers/STM32F3xx_HAL_Driver/Inc -I../Drivers/STM32F3xx_HAL_Driver/Inc/Legacy -I../Drivers/CMSIS/Device/ST/STM32F3xx/Include -I../Drivers/CMSIS/Include -O0 -ffunction-sections -fdata-sections -Wall -fstack-usage -fcyclomatic-complexity -MMD -MP -MF"Core/Src/main.d" -MT"Core/Src/main.o" --specs=nano.specs -mfpu=fpv4-sp-d16 -mfloat-abi=hard -mthumb -o "Core/Src/main.o"
In file included from ../Core/Inc/stm32f3xx_hal_conf.h:320,
                 from ../Drivers/STM32F3xx_HAL_Driver/Inc/stm32f3xx_hal.h:29,
                 from ../Core/Inc/main.h:30,
                 from ../Core/Src/main.c:20:
../Core/Src/main.c: In function 'ArmLeft_OpenClose':
../Core/Src/main.c:182:54: warning: implicit declaration of function 'abs' [-Wimplicit-function-declaration]
  182 |         __HAL_TIM_SET_COMPARE(&htim1, TIM_CHANNEL_2, abs(arm_side_data)); // PWM5
      |                                                      ^~~
../Drivers/STM32F3xx_HAL_Driver/Inc/stm32f3xx_hal_tim.h:1575:72: note: in definition of macro '__HAL_TIM_SET_COMPARE'
 1575 |   (((__CHANNEL__) == TIM_CHANNEL_1) ? ((__HANDLE__)->Instance->CCR1 = (__COMPARE__)) :\
      |                                                                        ^~~~~~~~~~~
../Core/Src/main.c:26:1: note: include '<stdlib.h>' or provide a declaration of 'abs'
   25 | #include "stdbool.h"
  +++ |+#include <stdlib.h>
   26 | 
arm-none-eabi-gcc -o "Robocon_stm1_1.elf" @"objects.list"   -mcpu=cortex-m4 -T"C:\Users\hukas\OneDrive\ドキュメント\CubeIDE_ROBOKON_2025\2025_robocon_STM2_1\Robocon_stm1_1\STM32F303K8TX_FLASH.ld" --specs=nosys.specs -Wl,-Map="Robocon_stm1_1.map" -Wl,--gc-sections -static --specs=nano.specs -mfpu=fpv4-sp-d16 -mfloat-abi=hard -mthumb -Wl,--start-group -lc -lm -Wl,--end-group
Finished building target: Robocon_stm1_1.elf
 
arm-none-eabi-size  Robocon_stm1_1.elf 
arm-none-eabi-objdump -h -S Robocon_stm1_1.elf  > "Robocon_stm1_1.list"
   text	   data	    bss	    dec	    hex	filename
  28488	    104	   2448	  31040	   7940	Robocon_stm1_1.elf
Finished building: default.size.stdout
 
Finished building: Robocon_stm1_1.list
 

18:12:26 Build Finished. 0 errors, 1 warnings. (took 5s.311ms)

